******************************************************************************
                  MSP430 Linker PC v4.1.1                      
******************************************************************************
>> Linked Thu Apr 11 02:34:26 2013

OUTPUT FILE NAME:   <Mask1.out>
ENTRY POINT SYMBOL: "_c_int00"  address: 0000c6b6


MEMORY CONFIGURATION

         name            origin    length      used     unused   attr    fill
----------------------  --------  ---------  --------  --------  ----  --------
  SFR                   00000000   00000010  00000000  00000010  RWIX
  PERIPHERALS_8BIT      00000010   000000f0  00000000  000000f0  RWIX
  PERIPHERALS_16BIT     00000100   00000100  00000000  00000100  RWIX
  RAM                   00000200   00000200  000000b4  0000014c  RWIX
  INFOD                 00001000   00000040  00000000  00000040  RWIX
  INFOC                 00001040   00000040  00000000  00000040  RWIX
  INFOB                 00001080   00000040  00000000  00000040  RWIX
  INFOA                 000010c0   00000040  00000000  00000040  RWIX
  FLASH                 0000c000   00003fe0  000007a6  0000383a  RWIX
  INT00                 0000ffe0   00000002  00000000  00000002  RWIX
  INT01                 0000ffe2   00000002  00000000  00000002  RWIX
  INT02                 0000ffe4   00000002  00000000  00000002  RWIX
  INT03                 0000ffe6   00000002  00000000  00000002  RWIX
  INT04                 0000ffe8   00000002  00000000  00000002  RWIX
  INT05                 0000ffea   00000002  00000000  00000002  RWIX
  INT06                 0000ffec   00000002  00000002  00000000  RWIX
  INT07                 0000ffee   00000002  00000002  00000000  RWIX
  INT08                 0000fff0   00000002  00000000  00000002  RWIX
  INT09                 0000fff2   00000002  00000000  00000002  RWIX
  INT10                 0000fff4   00000002  00000000  00000002  RWIX
  INT11                 0000fff6   00000002  00000000  00000002  RWIX
  INT12                 0000fff8   00000002  00000000  00000002  RWIX
  INT13                 0000fffa   00000002  00000000  00000002  RWIX
  INT14                 0000fffc   00000002  00000000  00000002  RWIX
  RESET                 0000fffe   00000002  00000002  00000000  RWIX


SECTION ALLOCATION MAP

 output                                  attributes/
section   page    origin      length       input sections
--------  ----  ----------  ----------   ----------------
.init_array 
*          0    0000c000    00000000     UNINITIALIZED

.bss       0    00000200    00000044     UNINITIALIZED
                  00000200    0000002c     main.obj (.bss)
                  0000022c    00000018     I2C_MSP430.obj (.bss)

.TI.noinit 
*          0    00000200    00000000     UNINITIALIZED

.data      0    00000244    00000020     
                  00000244    00000015     main.obj (.data)
                  00000259    00000001     --HOLE--
                  0000025a    0000000a     I2C_MSP430.obj (.data)

.TI.persistent 
*          0    00000244    00000000     UNINITIALIZED

.stack     0    000003b0    00000050     UNINITIALIZED
                  000003b0    00000002     rts430_eabi.lib : boot.obj (.stack)
                  000003b2    0000004e     --HOLE--

.text      0    0000c000    00000780     
                  0000c000    00000214     main.obj (.text:USCI0RX_ISR)
                  0000c214    000000fc     main.obj (.text:pulse_detect)
                  0000c310    00000086     I2C_MSP430.obj (.text:USCIAB0TX_ISR)
                  0000c396    0000005e     rts430_eabi.lib : copy_decompress_rle.obj (.text:__TI_decompress_rle_core)
                  0000c3f4    0000005e                     : autoinit.obj (.text:_auto_init)
                  0000c452    00000058                     : div32u.obj (.text)
                  0000c4aa    00000054     I2C_MSP430.obj (.text:I2CendTransmission)
                  0000c4fe    0000004c     main.obj (.text:Get_SkinTemp)
                  0000c54a    00000040     rts430_eabi.lib : div32s.obj (.text)
                  0000c58a    00000032     main.obj (.text:I2C_Initialization)
                  0000c5bc    00000032     main.obj (.text:main)
                  0000c5ee    0000002c     rts430_eabi.lib : div16s.obj (.text)
                  0000c61a    0000002c                     : lsl16.obj (.text)
                  0000c646    0000002a     main.obj (.text:UART_Initialization)
                  0000c670    00000024     main.obj (.text:msDelayHeartRate)
                  0000c694    00000022     main.obj (.text:msDelay)
                  0000c6b6    0000001a     rts430_eabi.lib : boot.obj (.text:_c_int00_noexit)
                  0000c6d0    00000018     main.obj (.text:analogPinSelect)
                  0000c6e8    00000016     rts430_eabi.lib : div16u.obj (.text)
                  0000c6fe    00000014                     : copy_zero_init.obj (.text:decompress:ZI:__TI_zero_init)
                  0000c712    00000012                     : copy_decompress_none.obj (.text:decompress:none:__TI_decompress_none)
                  0000c724    00000012                     : memcpy.obj (.text:memcpy)
                  0000c736    00000010     main.obj (.text:analogRead)
                  0000c746    00000010     rts430_eabi.lib : epilog.obj (.text)
                  0000c756    0000000e     I2C_MSP430.obj (.text:I2CbeginTransmission)
                  0000c764    0000000e     I2C_MSP430.obj (.text:I2Cwrite)
                  0000c772    00000006     rts430_eabi.lib : copy_decompress_rle.obj (.text:decompress:rle24:__TI_decompress_rle24)
                  0000c778    00000004                     : pre_init.obj (.text:_system_pre_init)
                  0000c77c    00000004                     : exit.obj (.text:abort)

.cinit     0    0000c780    00000026     
                  0000c780    00000013     (.cinit..data.load) [load image, compression = rle]
                  0000c793    00000001     --HOLE-- [fill = 0]
                  0000c794    00000006     (__TI_handler_table)
                  0000c79a    00000004     (.cinit..bss.load) [load image, compression = zero_init]
                  0000c79e    00000008     (__TI_cinit_table)

USCIAB0TX 
*          0    0000ffec    00000002     
                  0000ffec    00000002     I2C_MSP430.obj (.int06)

USCIAB0RX 
*          0    0000ffee    00000002     
                  0000ffee    00000002     main.obj (.int07)

.reset     0    0000fffe    00000002     
                  0000fffe    00000002     rts430_eabi.lib : boot.obj (.reset)


LINKER GENERATED COPY TABLES

__TI_cinit_table @ 0000c79e records: 2, size/record: 4, table size: 8
	.data: load addr=0000c780, load size=00000013 bytes, run addr=00000244, run size=00000020 bytes, compression=rle
	.bss: load addr=0000c79a, load size=00000004 bytes, run addr=00000200, run size=00000044 bytes, compression=zero_init


LINKER GENERATED HANDLER TABLE

__TI_handler_table @ 0000c794 records: 3, size/record: 2, table size: 6
	index: 0, handler: __TI_zero_init
	index: 1, handler: __TI_decompress_rle24
	index: 2, handler: __TI_decompress_none


GLOBAL SYMBOLS: SORTED ALPHABETICALLY BY Name 

address    name
--------   ----
0000004a   ADC10AE0
000001b0   ADC10CTL0
000001b2   ADC10CTL1
00000048   ADC10DTC0
00000049   ADC10DTC1
000001b4   ADC10MEM
000001bc   ADC10SA
00000057   BCSCTL1
00000058   BCSCTL2
00000053   BCSCTL3
0000020c   BPM
0000c77c   C$$EXIT
00000059   CACTL1
0000005a   CACTL2
000010fb   CALBC1_12MHZ
000010f9   CALBC1_16MHZ
000010ff   CALBC1_1MHZ
000010fd   CALBC1_8MHZ
000010fa   CALDCO_12MHZ
000010f8   CALDCO_16MHZ
000010fe   CALDCO_1MHZ
000010fc   CALDCO_8MHZ
0000005b   CAPD
00000056   DCOCTL
00000128   FCTL1
0000012a   FCTL2
0000012c   FCTL3
0000c4fe   Get_SkinTemp
0000020a   HBheart
0000c58a   I2C_Initialization
0000c756   I2CbeginTransmission
0000c4aa   I2CendTransmission
0000c764   I2Cwrite
00000244   IBI
00000000   IE1
00000001   IE2
00000002   IFG1
00000003   IFG2
00000206   KnightTimeReplyFromDevice
0000020b   LBheart
0000024e   P
00000022   P1DIR
00000025   P1IE
00000024   P1IES
00000023   P1IFG
00000020   P1IN
00000021   P1OUT
00000027   P1REN
00000026   P1SEL
00000041   P1SEL2
0000002a   P2DIR
0000002d   P2IE
0000002c   P2IES
0000002b   P2IFG
00000028   P2IN
00000029   P2OUT
0000002f   P2REN
0000002e   P2SEL
00000042   P2SEL2
0000001a   P3DIR
00000018   P3IN
00000019   P3OUT
00000010   P3REN
0000001b   P3SEL
00000043   P3SEL2
00000204   PEC
00000250   T
00000172   TA0CCR0
00000174   TA0CCR1
00000176   TA0CCR2
00000162   TA0CCTL0
00000164   TA0CCTL1
00000166   TA0CCTL2
00000160   TA0CTL
0000012e   TA0IV
00000170   TA0R
00000192   TA1CCR0
00000194   TA1CCR1
00000196   TA1CCR2
00000182   TA1CCTL0
00000184   TA1CCTL1
00000186   TA1CCTL2
00000180   TA1CTL
0000011e   TA1IV
00000190   TA1R
00000203   Temp_High
00000202   Temp_Low
0000c646   UART_Initialization
0000005d   UCA0ABCTL
00000062   UCA0BR0
00000063   UCA0BR1
00000060   UCA0CTL0
00000061   UCA0CTL1
0000005f   UCA0IRRCTL
0000005e   UCA0IRTCTL
00000064   UCA0MCTL
00000066   UCA0RXBUF
00000065   UCA0STAT
00000067   UCA0TXBUF
0000006a   UCB0BR0
0000006b   UCB0BR1
00000068   UCB0CTL0
00000069   UCB0CTL1
0000006c   UCB0I2CIE
00000118   UCB0I2COA
0000011a   UCB0I2CSA
0000006e   UCB0RXBUF
0000006d   UCB0STAT
0000006f   UCB0TXBUF
0000c000   USCI0RX_ISR
0000c310   USCIAB0TX_ISR
00000120   WDTCTL
00000400   __STACK_END
00000050   __STACK_SIZE
0000c79e   __TI_CINIT_Base
0000c7a6   __TI_CINIT_Limit
0000c794   __TI_Handler_Table_Base
0000c79a   __TI_Handler_Table_Limit
UNDEFED    __TI_INITARRAY_Base
UNDEFED    __TI_INITARRAY_Limit
00000001   __TI_args_main
0000c712   __TI_decompress_none
0000c772   __TI_decompress_rle24
00000001   __TI_exit
0000c6fe   __TI_zero_init
ffffffff   __binit__
ffffffff   __c_args__
0000c5ee   __mspabi_divi
0000c54a   __mspabi_divli
0000c6e8   __mspabi_divu
0000c452   __mspabi_divul
0000c752   __mspabi_func_epilog_1
0000c750   __mspabi_func_epilog_2
0000c74e   __mspabi_func_epilog_3
0000c74c   __mspabi_func_epilog_4
0000c74a   __mspabi_func_epilog_5
0000c748   __mspabi_func_epilog_6
0000c746   __mspabi_func_epilog_7
0000c5ee   __mspabi_remi
0000c54a   __mspabi_remli
0000c6e8   __mspabi_remu
0000c452   __mspabi_remul
0000c61a   __mspabi_slli
0000c642   __mspabi_slli_1
0000c630   __mspabi_slli_10
0000c62e   __mspabi_slli_11
0000c62c   __mspabi_slli_12
0000c62a   __mspabi_slli_13
0000c628   __mspabi_slli_14
0000c626   __mspabi_slli_15
0000c640   __mspabi_slli_2
0000c63e   __mspabi_slli_3
0000c63c   __mspabi_slli_4
0000c63a   __mspabi_slli_5
0000c638   __mspabi_slli_6
0000c636   __mspabi_slli_7
0000c634   __mspabi_slli_8
0000c632   __mspabi_slli_9
0000c3f4   _auto_init
0000c6b6   _c_int00
0000c6b6   _c_int00_noexit
0000fffe   _reset_vector
000003b0   _stack
0000c778   _system_pre_init
0000c77c   abort
00000254   amp
0000c6d0   analogPinSelect
0000c736   analogRead
ffffffff   binit
00000258   brightness
00000256   display_counter
00000200   i
0000024a   lastBeatTime
0000c5bc   main
0000c724   memcpy
0000c694   msDelay
0000c670   msDelayHeartRate
0000c214   pulse_detect
0000020e   rate
00000246   sampleCounter
00000252   thresh


GLOBAL SYMBOLS: SORTED BY Symbol Address 

address    name
--------   ----
00000000   IE1
00000001   IE2
00000001   __TI_args_main
00000001   __TI_exit
00000002   IFG1
00000003   IFG2
00000010   P3REN
00000018   P3IN
00000019   P3OUT
0000001a   P3DIR
0000001b   P3SEL
00000020   P1IN
00000021   P1OUT
00000022   P1DIR
00000023   P1IFG
00000024   P1IES
00000025   P1IE
00000026   P1SEL
00000027   P1REN
00000028   P2IN
00000029   P2OUT
0000002a   P2DIR
0000002b   P2IFG
0000002c   P2IES
0000002d   P2IE
0000002e   P2SEL
0000002f   P2REN
00000041   P1SEL2
00000042   P2SEL2
00000043   P3SEL2
00000048   ADC10DTC0
00000049   ADC10DTC1
0000004a   ADC10AE0
00000050   __STACK_SIZE
00000053   BCSCTL3
00000056   DCOCTL
00000057   BCSCTL1
00000058   BCSCTL2
00000059   CACTL1
0000005a   CACTL2
0000005b   CAPD
0000005d   UCA0ABCTL
0000005e   UCA0IRTCTL
0000005f   UCA0IRRCTL
00000060   UCA0CTL0
00000061   UCA0CTL1
00000062   UCA0BR0
00000063   UCA0BR1
00000064   UCA0MCTL
00000065   UCA0STAT
00000066   UCA0RXBUF
00000067   UCA0TXBUF
00000068   UCB0CTL0
00000069   UCB0CTL1
0000006a   UCB0BR0
0000006b   UCB0BR1
0000006c   UCB0I2CIE
0000006d   UCB0STAT
0000006e   UCB0RXBUF
0000006f   UCB0TXBUF
00000118   UCB0I2COA
0000011a   UCB0I2CSA
0000011e   TA1IV
00000120   WDTCTL
00000128   FCTL1
0000012a   FCTL2
0000012c   FCTL3
0000012e   TA0IV
00000160   TA0CTL
00000162   TA0CCTL0
00000164   TA0CCTL1
00000166   TA0CCTL2
00000170   TA0R
00000172   TA0CCR0
00000174   TA0CCR1
00000176   TA0CCR2
00000180   TA1CTL
00000182   TA1CCTL0
00000184   TA1CCTL1
00000186   TA1CCTL2
00000190   TA1R
00000192   TA1CCR0
00000194   TA1CCR1
00000196   TA1CCR2
000001b0   ADC10CTL0
000001b2   ADC10CTL1
000001b4   ADC10MEM
000001bc   ADC10SA
00000200   i
00000202   Temp_Low
00000203   Temp_High
00000204   PEC
00000206   KnightTimeReplyFromDevice
0000020a   HBheart
0000020b   LBheart
0000020c   BPM
0000020e   rate
00000244   IBI
00000246   sampleCounter
0000024a   lastBeatTime
0000024e   P
00000250   T
00000252   thresh
00000254   amp
00000256   display_counter
00000258   brightness
000003b0   _stack
00000400   __STACK_END
000010f8   CALDCO_16MHZ
000010f9   CALBC1_16MHZ
000010fa   CALDCO_12MHZ
000010fb   CALBC1_12MHZ
000010fc   CALDCO_8MHZ
000010fd   CALBC1_8MHZ
000010fe   CALDCO_1MHZ
000010ff   CALBC1_1MHZ
0000c000   USCI0RX_ISR
0000c214   pulse_detect
0000c310   USCIAB0TX_ISR
0000c3f4   _auto_init
0000c452   __mspabi_divul
0000c452   __mspabi_remul
0000c4aa   I2CendTransmission
0000c4fe   Get_SkinTemp
0000c54a   __mspabi_divli
0000c54a   __mspabi_remli
0000c58a   I2C_Initialization
0000c5bc   main
0000c5ee   __mspabi_divi
0000c5ee   __mspabi_remi
0000c61a   __mspabi_slli
0000c626   __mspabi_slli_15
0000c628   __mspabi_slli_14
0000c62a   __mspabi_slli_13
0000c62c   __mspabi_slli_12
0000c62e   __mspabi_slli_11
0000c630   __mspabi_slli_10
0000c632   __mspabi_slli_9
0000c634   __mspabi_slli_8
0000c636   __mspabi_slli_7
0000c638   __mspabi_slli_6
0000c63a   __mspabi_slli_5
0000c63c   __mspabi_slli_4
0000c63e   __mspabi_slli_3
0000c640   __mspabi_slli_2
0000c642   __mspabi_slli_1
0000c646   UART_Initialization
0000c670   msDelayHeartRate
0000c694   msDelay
0000c6b6   _c_int00
0000c6b6   _c_int00_noexit
0000c6d0   analogPinSelect
0000c6e8   __mspabi_divu
0000c6e8   __mspabi_remu
0000c6fe   __TI_zero_init
0000c712   __TI_decompress_none
0000c724   memcpy
0000c736   analogRead
0000c746   __mspabi_func_epilog_7
0000c748   __mspabi_func_epilog_6
0000c74a   __mspabi_func_epilog_5
0000c74c   __mspabi_func_epilog_4
0000c74e   __mspabi_func_epilog_3
0000c750   __mspabi_func_epilog_2
0000c752   __mspabi_func_epilog_1
0000c756   I2CbeginTransmission
0000c764   I2Cwrite
0000c772   __TI_decompress_rle24
0000c778   _system_pre_init
0000c77c   C$$EXIT
0000c77c   abort
0000c794   __TI_Handler_Table_Base
0000c79a   __TI_Handler_Table_Limit
0000c79e   __TI_CINIT_Base
0000c7a6   __TI_CINIT_Limit
0000fffe   _reset_vector
ffffffff   __binit__
ffffffff   __c_args__
ffffffff   binit
UNDEFED    __TI_INITARRAY_Base
UNDEFED    __TI_INITARRAY_Limit

[181 symbols]
