******************************************************************************
                  MSP430 Linker PC v4.1.2                      
******************************************************************************
>> Linked Sat Feb 09 21:59:55 2013

OUTPUT FILE NAME:   <MSP430_MPU6050.out>
ENTRY POINT SYMBOL: "_c_int00"  address: 0000c776


MEMORY CONFIGURATION

         name            origin    length      used     unused   attr    fill
----------------------  --------  ---------  --------  --------  ----  --------
  SFR                   00000000   00000010  00000000  00000010  RWIX
  PERIPHERALS_8BIT      00000010   000000f0  00000000  000000f0  RWIX
  PERIPHERALS_16BIT     00000100   00000100  00000000  00000100  RWIX
  RAM                   00000200   00000200  00000094  0000016c  RWIX
  INFOD                 00001000   00000040  00000000  00000040  RWIX
  INFOC                 00001040   00000040  00000000  00000040  RWIX
  INFOB                 00001080   00000040  00000000  00000040  RWIX
  INFOA                 000010c0   00000040  00000000  00000040  RWIX
  FLASH                 0000c000   00003fe0  000008e8  000036f8  RWIX
  INT00                 0000ffe0   00000002  00000000  00000002  RWIX
  INT01                 0000ffe2   00000002  00000000  00000002  RWIX
  INT02                 0000ffe4   00000002  00000000  00000002  RWIX
  INT03                 0000ffe6   00000002  00000000  00000002  RWIX
  INT04                 0000ffe8   00000002  00000000  00000002  RWIX
  INT05                 0000ffea   00000002  00000000  00000002  RWIX
  INT06                 0000ffec   00000002  00000002  00000000  RWIX
  INT07                 0000ffee   00000002  00000000  00000002  RWIX
  INT08                 0000fff0   00000002  00000000  00000002  RWIX
  INT09                 0000fff2   00000002  00000000  00000002  RWIX
  INT10                 0000fff4   00000002  00000000  00000002  RWIX
  INT11                 0000fff6   00000002  00000000  00000002  RWIX
  INT12                 0000fff8   00000002  00000000  00000002  RWIX
  INT13                 0000fffa   00000002  00000000  00000002  RWIX
  INT14                 0000fffc   00000002  00000000  00000002  RWIX
  RESET                 0000fffe   00000002  00000002  00000000  RWIX


SECTION ALLOCATION MAP

 output                                  attributes/
section   page    origin      length       input sections
--------  ----  ----------  ----------   ----------------
.init_array 
*          0    0000c000    00000000     UNINITIALIZED

.bss       0    00000200    0000003a     UNINITIALIZED
                  00000200    00000018     I2C_MSP430.obj (.bss)
                  00000218    0000000e     MSP430_MPU6050.obj (.bss)
                  00000226    0000000c     main.obj (.bss)
                  00000232    00000008     serial.obj (.bss)

.TI.noinit 
*          0    00000200    00000000     UNINITIALIZED

.data      0    0000023a    0000000a     
                  0000023a    0000000a     I2C_MSP430.obj (.data)

.TI.persistent 
*          0    0000023a    00000000     UNINITIALIZED

.stack     0    000003b0    00000050     UNINITIALIZED
                  000003b0    00000002     rts430_eabi.lib : boot.obj (.stack)
                  000003b2    0000004e     --HOLE--

.text      0    0000c000    0000086e     
                  0000c000    000000ee     printf.obj (.text:printf)
                  0000c0ee    000000ae     serial.obj (.text)
                  0000c19c    0000009e     main.obj (.text:main)
                  0000c23a    00000094     MSP430_MPU6050.obj (.text:getMotion6)
                  0000c2ce    00000092     I2C_MSP430.obj (.text:USCIAB0TX_ISR)
                  0000c360    0000006c     MSP430_MPU6050.obj (.text:initMPU)
                  0000c3cc    0000006c     printf.obj (.text:xtoa)
                  0000c438    0000005e     rts430_eabi.lib : copy_decompress_rle.obj (.text:__TI_decompress_rle_core)
                  0000c496    0000005e                     : autoinit.obj (.text:_auto_init)
                  0000c4f4    0000005c     MSP430_MPU6050.obj (.text:readBytes)
                  0000c550    00000054     I2C_MSP430.obj (.text:I2CendTransmission)
                  0000c5a4    00000052     I2C_MSP430.obj (.text:I2CrequestFrom)
                  0000c5f6    00000050     MSP430_MPU6050.obj (.text:writeBit)
                  0000c646    0000003c     MSP430_MPU6050.obj (.text:initializeIMU)
                  0000c682    00000034     MSP430_MPU6050.obj (.text:readByte)
                  0000c6b6    0000002c     MSP430_MPU6050.obj (.text:msDelay)
                  0000c6e2    0000002c     rts430_eabi.lib : asr16.obj (.text)
                  0000c70e    0000002c                     : lsl16.obj (.text)
                  0000c73a    00000020     MSP430_MPU6050.obj (.text:writeByte)
                  0000c75a    0000001c     MSP430_MPU6050.obj (.text:setClockSource)
                  0000c776    0000001a     rts430_eabi.lib : boot.obj (.text:_c_int00_noexit)
                  0000c790    0000001a     MSP430_MPU6050.obj (.text:setFullScaleAccelRange)
                  0000c7aa    0000001a     MSP430_MPU6050.obj (.text:setFullScaleGyroRange)
                  0000c7c4    00000016     I2C_MSP430.obj (.text:I2Cread)
                  0000c7da    00000014     rts430_eabi.lib : copy_zero_init.obj (.text:decompress:ZI:__TI_zero_init)
                  0000c7ee    00000014     MSP430_MPU6050.obj (.text:setSleepEnabled)
                  0000c802    00000012     rts430_eabi.lib : copy_decompress_none.obj (.text:decompress:none:__TI_decompress_none)
                  0000c814    00000012                     : memcpy.obj (.text:memcpy)
                  0000c826    00000010                     : epilog.obj (.text)
                  0000c836    0000000e     I2C_MSP430.obj (.text:I2CbeginTransmission)
                  0000c844    0000000e     I2C_MSP430.obj (.text:I2Cwrite)
                  0000c852    0000000e     printf.obj (.text:puth)
                  0000c860    00000006     rts430_eabi.lib : copy_decompress_rle.obj (.text:decompress:rle24:__TI_decompress_rle24)
                  0000c866    00000004                     : pre_init.obj (.text:_system_pre_init)
                  0000c86a    00000004                     : exit.obj (.text:abort)

.const     0    0000c86e    0000005e     
                  0000c86e    00000028     printf.obj (.const:dv)
                  0000c896    00000026     main.obj (.const:.string)
                  0000c8bc    00000010     printf.obj (.const:.string:hex$1)

.cinit     0    0000c8cc    0000001c     
                  0000c8cc    00000009     (.cinit..data.load) [load image, compression = rle]
                  0000c8d5    00000001     --HOLE-- [fill = 0]
                  0000c8d6    00000006     (__TI_handler_table)
                  0000c8dc    00000004     (.cinit..bss.load) [load image, compression = zero_init]
                  0000c8e0    00000008     (__TI_cinit_table)

USCIAB0TX 
*          0    0000ffec    00000002     
                  0000ffec    00000002     I2C_MSP430.obj (.int06)

.reset     0    0000fffe    00000002     
                  0000fffe    00000002     rts430_eabi.lib : boot.obj (.reset)


LINKER GENERATED COPY TABLES

__TI_cinit_table @ 0000c8e0 records: 2, size/record: 4, table size: 8
	.data: load addr=0000c8cc, load size=00000009 bytes, run addr=0000023a, run size=0000000a bytes, compression=rle
	.bss: load addr=0000c8dc, load size=00000004 bytes, run addr=00000200, run size=0000003a bytes, compression=zero_init


LINKER GENERATED HANDLER TABLE

__TI_handler_table @ 0000c8d6 records: 3, size/record: 2, table size: 6
	index: 0, handler: __TI_zero_init
	index: 1, handler: __TI_decompress_rle24
	index: 2, handler: __TI_decompress_none


GLOBAL SYMBOLS: SORTED ALPHABETICALLY BY Name 

address    name
--------   ----
0000004a   ADC10AE0
000001b0   ADC10CTL0
000001b2   ADC10CTL1
00000048   ADC10DTC0
00000049   ADC10DTC1
000001b4   ADC10MEM
000001bc   ADC10SA
00000057   BCSCTL1
00000058   BCSCTL2
00000053   BCSCTL3
0000c86a   C$$EXIT
00000059   CACTL1
0000005a   CACTL2
000010fb   CALBC1_12MHZ
000010f9   CALBC1_16MHZ
000010ff   CALBC1_1MHZ
000010fd   CALBC1_8MHZ
000010fa   CALDCO_12MHZ
000010f8   CALDCO_16MHZ
000010fe   CALDCO_1MHZ
000010fc   CALDCO_8MHZ
0000005b   CAPD
00000056   DCOCTL
00000128   FCTL1
0000012a   FCTL2
0000012c   FCTL3
0000c836   I2CbeginTransmission
0000c550   I2CendTransmission
0000c7c4   I2Cread
0000c5a4   I2CrequestFrom
0000c844   I2Cwrite
00000000   IE1
00000001   IE2
00000002   IFG1
00000003   IFG2
00000022   P1DIR
00000025   P1IE
00000024   P1IES
00000023   P1IFG
00000020   P1IN
00000021   P1OUT
00000027   P1REN
00000026   P1SEL
00000041   P1SEL2
0000002a   P2DIR
0000002d   P2IE
0000002c   P2IES
0000002b   P2IFG
00000028   P2IN
00000029   P2OUT
0000002f   P2REN
0000002e   P2SEL
00000042   P2SEL2
0000001a   P3DIR
00000018   P3IN
00000019   P3OUT
00000010   P3REN
0000001b   P3SEL
00000043   P3SEL2
00000172   TA0CCR0
00000174   TA0CCR1
00000176   TA0CCR2
00000162   TA0CCTL0
00000164   TA0CCTL1
00000166   TA0CCTL2
00000160   TA0CTL
0000012e   TA0IV
00000170   TA0R
00000192   TA1CCR0
00000194   TA1CCR1
00000196   TA1CCR2
00000182   TA1CCTL0
00000184   TA1CCTL1
00000186   TA1CCTL2
00000180   TA1CTL
0000011e   TA1IV
00000190   TA1R
0000005d   UCA0ABCTL
00000062   UCA0BR0
00000063   UCA0BR1
00000060   UCA0CTL0
00000061   UCA0CTL1
0000005f   UCA0IRRCTL
0000005e   UCA0IRTCTL
00000064   UCA0MCTL
00000066   UCA0RXBUF
00000065   UCA0STAT
00000067   UCA0TXBUF
0000006a   UCB0BR0
0000006b   UCB0BR1
00000068   UCB0CTL0
00000069   UCB0CTL1
0000006c   UCB0I2CIE
00000118   UCB0I2COA
0000011a   UCB0I2CSA
0000006e   UCB0RXBUF
0000006d   UCB0STAT
0000006f   UCB0TXBUF
0000c2ce   USCIAB0TX_ISR
00000120   WDTCTL
00000400   __STACK_END
00000050   __STACK_SIZE
0000c8e0   __TI_CINIT_Base
0000c8e8   __TI_CINIT_Limit
0000c8d6   __TI_Handler_Table_Base
0000c8dc   __TI_Handler_Table_Limit
UNDEFED    __TI_INITARRAY_Base
UNDEFED    __TI_INITARRAY_Limit
00000001   __TI_args_main
0000c802   __TI_decompress_none
0000c860   __TI_decompress_rle24
00000001   __TI_exit
0000c7da   __TI_zero_init
ffffffff   __binit__
ffffffff   __c_args__
0000c832   __mspabi_func_epilog_1
0000c830   __mspabi_func_epilog_2
0000c82e   __mspabi_func_epilog_3
0000c82c   __mspabi_func_epilog_4
0000c82a   __mspabi_func_epilog_5
0000c828   __mspabi_func_epilog_6
0000c826   __mspabi_func_epilog_7
0000c70e   __mspabi_slli
0000c736   __mspabi_slli_1
0000c724   __mspabi_slli_10
0000c722   __mspabi_slli_11
0000c720   __mspabi_slli_12
0000c71e   __mspabi_slli_13
0000c71c   __mspabi_slli_14
0000c71a   __mspabi_slli_15
0000c734   __mspabi_slli_2
0000c732   __mspabi_slli_3
0000c730   __mspabi_slli_4
0000c72e   __mspabi_slli_5
0000c72c   __mspabi_slli_6
0000c72a   __mspabi_slli_7
0000c728   __mspabi_slli_8
0000c726   __mspabi_slli_9
0000c6e2   __mspabi_srai
0000c70a   __mspabi_srai_1
0000c6f8   __mspabi_srai_10
0000c6f6   __mspabi_srai_11
0000c6f4   __mspabi_srai_12
0000c6f2   __mspabi_srai_13
0000c6f0   __mspabi_srai_14
0000c6ee   __mspabi_srai_15
0000c708   __mspabi_srai_2
0000c706   __mspabi_srai_3
0000c704   __mspabi_srai_4
0000c702   __mspabi_srai_5
0000c700   __mspabi_srai_6
0000c6fe   __mspabi_srai_7
0000c6fc   __mspabi_srai_8
0000c6fa   __mspabi_srai_9
0000c496   _auto_init
0000c776   _c_int00
0000c776   _c_int00_noexit
0000fffe   _reset_vector
000003b0   _stack
0000c866   _system_pre_init
0000c86a   abort
ffffffff   binit
0000c23a   getMotion6
0000c162   getc
0000c360   initMPU
0000c646   initializeIMU
0000c19c   main
0000c814   memcpy
0000c6b6   msDelay
0000c000   printf
0000c11e   putc
0000c14e   puts
0000c682   readByte
0000c4f4   readBytes
0000c0ee   serial_setup
0000c75a   setClockSource
0000c790   setFullScaleAccelRange
0000c7aa   setFullScaleGyroRange
0000c7ee   setSleepEnabled
0000c5f6   writeBit
0000c73a   writeByte


GLOBAL SYMBOLS: SORTED BY Symbol Address 

address    name
--------   ----
00000000   IE1
00000001   IE2
00000001   __TI_args_main
00000001   __TI_exit
00000002   IFG1
00000003   IFG2
00000010   P3REN
00000018   P3IN
00000019   P3OUT
0000001a   P3DIR
0000001b   P3SEL
00000020   P1IN
00000021   P1OUT
00000022   P1DIR
00000023   P1IFG
00000024   P1IES
00000025   P1IE
00000026   P1SEL
00000027   P1REN
00000028   P2IN
00000029   P2OUT
0000002a   P2DIR
0000002b   P2IFG
0000002c   P2IES
0000002d   P2IE
0000002e   P2SEL
0000002f   P2REN
00000041   P1SEL2
00000042   P2SEL2
00000043   P3SEL2
00000048   ADC10DTC0
00000049   ADC10DTC1
0000004a   ADC10AE0
00000050   __STACK_SIZE
00000053   BCSCTL3
00000056   DCOCTL
00000057   BCSCTL1
00000058   BCSCTL2
00000059   CACTL1
0000005a   CACTL2
0000005b   CAPD
0000005d   UCA0ABCTL
0000005e   UCA0IRTCTL
0000005f   UCA0IRRCTL
00000060   UCA0CTL0
00000061   UCA0CTL1
00000062   UCA0BR0
00000063   UCA0BR1
00000064   UCA0MCTL
00000065   UCA0STAT
00000066   UCA0RXBUF
00000067   UCA0TXBUF
00000068   UCB0CTL0
00000069   UCB0CTL1
0000006a   UCB0BR0
0000006b   UCB0BR1
0000006c   UCB0I2CIE
0000006d   UCB0STAT
0000006e   UCB0RXBUF
0000006f   UCB0TXBUF
00000118   UCB0I2COA
0000011a   UCB0I2CSA
0000011e   TA1IV
00000120   WDTCTL
00000128   FCTL1
0000012a   FCTL2
0000012c   FCTL3
0000012e   TA0IV
00000160   TA0CTL
00000162   TA0CCTL0
00000164   TA0CCTL1
00000166   TA0CCTL2
00000170   TA0R
00000172   TA0CCR0
00000174   TA0CCR1
00000176   TA0CCR2
00000180   TA1CTL
00000182   TA1CCTL0
00000184   TA1CCTL1
00000186   TA1CCTL2
00000190   TA1R
00000192   TA1CCR0
00000194   TA1CCR1
00000196   TA1CCR2
000001b0   ADC10CTL0
000001b2   ADC10CTL1
000001b4   ADC10MEM
000001bc   ADC10SA
000003b0   _stack
00000400   __STACK_END
000010f8   CALDCO_16MHZ
000010f9   CALBC1_16MHZ
000010fa   CALDCO_12MHZ
000010fb   CALBC1_12MHZ
000010fc   CALDCO_8MHZ
000010fd   CALBC1_8MHZ
000010fe   CALDCO_1MHZ
000010ff   CALBC1_1MHZ
0000c000   printf
0000c0ee   serial_setup
0000c11e   putc
0000c14e   puts
0000c162   getc
0000c19c   main
0000c23a   getMotion6
0000c2ce   USCIAB0TX_ISR
0000c360   initMPU
0000c496   _auto_init
0000c4f4   readBytes
0000c550   I2CendTransmission
0000c5a4   I2CrequestFrom
0000c5f6   writeBit
0000c646   initializeIMU
0000c682   readByte
0000c6b6   msDelay
0000c6e2   __mspabi_srai
0000c6ee   __mspabi_srai_15
0000c6f0   __mspabi_srai_14
0000c6f2   __mspabi_srai_13
0000c6f4   __mspabi_srai_12
0000c6f6   __mspabi_srai_11
0000c6f8   __mspabi_srai_10
0000c6fa   __mspabi_srai_9
0000c6fc   __mspabi_srai_8
0000c6fe   __mspabi_srai_7
0000c700   __mspabi_srai_6
0000c702   __mspabi_srai_5
0000c704   __mspabi_srai_4
0000c706   __mspabi_srai_3
0000c708   __mspabi_srai_2
0000c70a   __mspabi_srai_1
0000c70e   __mspabi_slli
0000c71a   __mspabi_slli_15
0000c71c   __mspabi_slli_14
0000c71e   __mspabi_slli_13
0000c720   __mspabi_slli_12
0000c722   __mspabi_slli_11
0000c724   __mspabi_slli_10
0000c726   __mspabi_slli_9
0000c728   __mspabi_slli_8
0000c72a   __mspabi_slli_7
0000c72c   __mspabi_slli_6
0000c72e   __mspabi_slli_5
0000c730   __mspabi_slli_4
0000c732   __mspabi_slli_3
0000c734   __mspabi_slli_2
0000c736   __mspabi_slli_1
0000c73a   writeByte
0000c75a   setClockSource
0000c776   _c_int00
0000c776   _c_int00_noexit
0000c790   setFullScaleAccelRange
0000c7aa   setFullScaleGyroRange
0000c7c4   I2Cread
0000c7da   __TI_zero_init
0000c7ee   setSleepEnabled
0000c802   __TI_decompress_none
0000c814   memcpy
0000c826   __mspabi_func_epilog_7
0000c828   __mspabi_func_epilog_6
0000c82a   __mspabi_func_epilog_5
0000c82c   __mspabi_func_epilog_4
0000c82e   __mspabi_func_epilog_3
0000c830   __mspabi_func_epilog_2
0000c832   __mspabi_func_epilog_1
0000c836   I2CbeginTransmission
0000c844   I2Cwrite
0000c860   __TI_decompress_rle24
0000c866   _system_pre_init
0000c86a   C$$EXIT
0000c86a   abort
0000c8d6   __TI_Handler_Table_Base
0000c8dc   __TI_Handler_Table_Limit
0000c8e0   __TI_CINIT_Base
0000c8e8   __TI_CINIT_Limit
0000fffe   _reset_vector
ffffffff   __binit__
ffffffff   __c_args__
ffffffff   binit
UNDEFED    __TI_INITARRAY_Base
UNDEFED    __TI_INITARRAY_Limit

[181 symbols]
