******************************************************************************
                  MSP430 Linker PC v4.1.1                      
******************************************************************************
>> Linked Mon Feb 25 22:07:12 2013

OUTPUT FILE NAME:   <MLX.out>
ENTRY POINT SYMBOL: "_c_int00"  address: 0000d19a


MEMORY CONFIGURATION

         name            origin    length      used     unused   attr    fill
----------------------  --------  ---------  --------  --------  ----  --------
  SFR                   00000000   00000010  00000000  00000010  RWIX
  PERIPHERALS_8BIT      00000010   000000f0  00000000  000000f0  RWIX
  PERIPHERALS_16BIT     00000100   00000100  00000000  00000100  RWIX
  RAM                   00000200   00000200  0000005c  000001a4  RWIX
  INFOD                 00001000   00000040  00000000  00000040  RWIX
  INFOC                 00001040   00000040  00000000  00000040  RWIX
  INFOB                 00001080   00000040  00000000  00000040  RWIX
  INFOA                 000010c0   00000040  00000000  00000040  RWIX
  FLASH                 0000c000   00003fe0  0000121c  00002dc4  RWIX
  INT00                 0000ffe0   00000002  00000000  00000002  RWIX
  INT01                 0000ffe2   00000002  00000000  00000002  RWIX
  INT02                 0000ffe4   00000002  00000000  00000002  RWIX
  INT03                 0000ffe6   00000002  00000000  00000002  RWIX
  INT04                 0000ffe8   00000002  00000000  00000002  RWIX
  INT05                 0000ffea   00000002  00000000  00000002  RWIX
  INT06                 0000ffec   00000002  00000000  00000002  RWIX
  INT07                 0000ffee   00000002  00000000  00000002  RWIX
  INT08                 0000fff0   00000002  00000000  00000002  RWIX
  INT09                 0000fff2   00000002  00000000  00000002  RWIX
  INT10                 0000fff4   00000002  00000000  00000002  RWIX
  INT11                 0000fff6   00000002  00000000  00000002  RWIX
  INT12                 0000fff8   00000002  00000000  00000002  RWIX
  INT13                 0000fffa   00000002  00000000  00000002  RWIX
  INT14                 0000fffc   00000002  00000000  00000002  RWIX
  RESET                 0000fffe   00000002  00000002  00000000  RWIX


SECTION ALLOCATION MAP

 output                                  attributes/
section   page    origin      length       input sections
--------  ----  ----------  ----------   ----------------
.init_array 
*          0    0000c000    00000000     UNINITIALIZED

.bss       0    00000200    0000000c     UNINITIALIZED
                  00000200    00000007     mlx.obj (.bss)
                  00000207    00000001     --HOLE--
                  00000208    00000004     main.obj (.bss)

.TI.noinit 
*          0    00000200    00000000     UNINITIALIZED

.stack     0    000003b0    00000050     UNINITIALIZED
                  000003b0    00000002     rts430_eabi.lib : boot.obj (.stack)
                  000003b2    0000004e     --HOLE--

.text      0    0000c000    00001212     
                  0000c000    000002f8     rts430_eabi.lib : frcmpyd.obj (.text:_frcmpyd)
                  0000c2f8    000002e8                     : addd.obj (.text:__mspabi_addd)
                  0000c5e0    0000026e                     : frcaddd.obj (.text:_frcaddd)
                  0000c84e    00000256                     : mpyd.obj (.text:__mspabi_mpyd)
                  0000caa4    00000130                     : fs_add.obj (.text)
                  0000cbd4    000000c0                     : renormd.obj (.text:_renormd)
                  0000cc94    000000c0     mlx.obj (.text:get_temp)
                  0000cd54    000000a8     rts430_eabi.lib : cvtdf.obj (.text:__mspabi_cvtdf)
                  0000cdfc    0000009a                     : fs_div.obj (.text)
                  0000ce96    00000080                     : cvtfd.obj (.text:__mspabi_cvtfd)
                  0000cf16    0000005e                     : autoinit.obj (.text:_auto_init)
                  0000cf74    0000005c                     : lsr32.obj (.text:l_lsr_const)
                  0000cfd0    0000004c                     : lsr16.obj (.text)
                  0000d01c    0000003e                     : asr32.obj (.text:l_asr_const)
                  0000d05a    0000003e                     : lsl32.obj (.text:l_lsl_const)
                  0000d098    00000036                     : fs_itof.obj (.text)
                  0000d0ce    00000032     mlx.obj (.text:initalize)
                  0000d100    0000002c     rts430_eabi.lib : asr16.obj (.text)
                  0000d12c    0000002c                     : lsl16.obj (.text)
                  0000d158    00000026                     : mult32.obj (.text)
                  0000d17e    0000001c     main.obj (.text:main)
                  0000d19a    0000001a     rts430_eabi.lib : boot.obj (.text:_c_int00_noexit)
                  0000d1b4    00000014                     : copy_zero_init.obj (.text:decompress:ZI:__TI_zero_init)
                  0000d1c8    00000012                     : lsr32.obj (.text:l_lsr)
                  0000d1da    00000010                     : asr32.obj (.text:l_asr)
                  0000d1ea    00000010                     : lsl32.obj (.text:l_lsl)
                  0000d1fa    00000010                     : epilog.obj (.text)
                  0000d20a    00000004                     : pre_init.obj (.text:_system_pre_init)
                  0000d20e    00000004                     : exit.obj (.text:abort)

.cinit     0    0000d212    0000000a     
                  0000d212    00000004     (.cinit..bss.load) [load image, compression = zero_init]
                  0000d216    00000002     (__TI_handler_table)
                  0000d218    00000004     (__TI_cinit_table)

.reset     0    0000fffe    00000002     
                  0000fffe    00000002     rts430_eabi.lib : boot.obj (.reset)


LINKER GENERATED COPY TABLES

__TI_cinit_table @ 0000d218 records: 1, size/record: 4, table size: 4
	.bss: load addr=0000d212, load size=00000004 bytes, run addr=00000200, run size=0000000c bytes, compression=zero_init


LINKER GENERATED HANDLER TABLE

__TI_handler_table @ 0000d216 records: 1, size/record: 2, table size: 2
	index: 0, handler: __TI_zero_init


GLOBAL SYMBOLS: SORTED ALPHABETICALLY BY Name 

address    name
--------   ----
0000004a   ADC10AE0
000001b0   ADC10CTL0
000001b2   ADC10CTL1
00000048   ADC10DTC0
00000049   ADC10DTC1
000001b4   ADC10MEM
000001bc   ADC10SA
00000057   BCSCTL1
00000058   BCSCTL2
00000053   BCSCTL3
0000d20e   C$$EXIT
00000059   CACTL1
0000005a   CACTL2
000010fb   CALBC1_12MHZ
000010f9   CALBC1_16MHZ
000010ff   CALBC1_1MHZ
000010fd   CALBC1_8MHZ
000010fa   CALDCO_12MHZ
000010f8   CALDCO_16MHZ
000010fe   CALDCO_1MHZ
000010fc   CALDCO_8MHZ
0000005b   CAPD
00000056   DCOCTL
00000128   FCTL1
0000012a   FCTL2
0000012c   FCTL3
00000000   IE1
00000001   IE2
00000002   IFG1
00000003   IFG2
00000022   P1DIR
00000025   P1IE
00000024   P1IES
00000023   P1IFG
00000020   P1IN
00000021   P1OUT
00000027   P1REN
00000026   P1SEL
00000041   P1SEL2
0000002a   P2DIR
0000002d   P2IE
0000002c   P2IES
0000002b   P2IFG
00000028   P2IN
00000029   P2OUT
0000002f   P2REN
0000002e   P2SEL
00000042   P2SEL2
0000001a   P3DIR
00000018   P3IN
00000019   P3OUT
00000010   P3REN
0000001b   P3SEL
00000043   P3SEL2
00000206   PEC
00000172   TA0CCR0
00000174   TA0CCR1
00000176   TA0CCR2
00000162   TA0CCTL0
00000164   TA0CCTL1
00000166   TA0CCTL2
00000160   TA0CTL
0000012e   TA0IV
00000170   TA0R
00000192   TA1CCR0
00000194   TA1CCR1
00000196   TA1CCR2
00000182   TA1CCTL0
00000184   TA1CCTL1
00000186   TA1CCTL2
00000180   TA1CTL
0000011e   TA1IV
00000190   TA1R
0000005d   UCA0ABCTL
00000062   UCA0BR0
00000063   UCA0BR1
00000060   UCA0CTL0
00000061   UCA0CTL1
0000005f   UCA0IRRCTL
0000005e   UCA0IRTCTL
00000064   UCA0MCTL
00000066   UCA0RXBUF
00000065   UCA0STAT
00000067   UCA0TXBUF
0000006a   UCB0BR0
0000006b   UCB0BR1
00000068   UCB0CTL0
00000069   UCB0CTL1
0000006c   UCB0I2CIE
00000118   UCB0I2COA
0000011a   UCB0I2CSA
0000006e   UCB0RXBUF
0000006d   UCB0STAT
0000006f   UCB0TXBUF
00000120   WDTCTL
00000400   __STACK_END
00000050   __STACK_SIZE
0000d218   __TI_CINIT_Base
0000d21c   __TI_CINIT_Limit
0000d216   __TI_Handler_Table_Base
0000d218   __TI_Handler_Table_Limit
UNDEFED    __TI_INITARRAY_Base
UNDEFED    __TI_INITARRAY_Limit
00000001   __TI_args_main
00000001   __TI_exit
0000d1b4   __TI_zero_init
ffffffff   __binit__
ffffffff   __c_args__
0000c2f8   __mspabi_addd
0000caaa   __mspabi_addf
0000cd54   __mspabi_cvtdf
0000ce96   __mspabi_cvtfd
0000cdfc   __mspabi_divf
0000d098   __mspabi_fltif
0000d206   __mspabi_func_epilog_1
0000d204   __mspabi_func_epilog_2
0000d202   __mspabi_func_epilog_3
0000d200   __mspabi_func_epilog_4
0000d1fe   __mspabi_func_epilog_5
0000d1fc   __mspabi_func_epilog_6
0000d1fa   __mspabi_func_epilog_7
0000c84e   __mspabi_mpyd
0000d158   __mspabi_mpyl
0000d12c   __mspabi_slli
0000d154   __mspabi_slli_1
0000d142   __mspabi_slli_10
0000d140   __mspabi_slli_11
0000d13e   __mspabi_slli_12
0000d13c   __mspabi_slli_13
0000d13a   __mspabi_slli_14
0000d138   __mspabi_slli_15
0000d152   __mspabi_slli_2
0000d150   __mspabi_slli_3
0000d14e   __mspabi_slli_4
0000d14c   __mspabi_slli_5
0000d14a   __mspabi_slli_6
0000d148   __mspabi_slli_7
0000d146   __mspabi_slli_8
0000d144   __mspabi_slli_9
0000d1ea   __mspabi_slll
0000d092   __mspabi_slll_1
0000d06e   __mspabi_slll_10
0000d06a   __mspabi_slll_11
0000d066   __mspabi_slll_12
0000d062   __mspabi_slll_13
0000d05e   __mspabi_slll_14
0000d05a   __mspabi_slll_15
0000d08e   __mspabi_slll_2
0000d08a   __mspabi_slll_3
0000d086   __mspabi_slll_4
0000d082   __mspabi_slll_5
0000d07e   __mspabi_slll_6
0000d07a   __mspabi_slll_7
0000d076   __mspabi_slll_8
0000d072   __mspabi_slll_9
0000d100   __mspabi_srai
0000d128   __mspabi_srai_1
0000d116   __mspabi_srai_10
0000d114   __mspabi_srai_11
0000d112   __mspabi_srai_12
0000d110   __mspabi_srai_13
0000d10e   __mspabi_srai_14
0000d10c   __mspabi_srai_15
0000d126   __mspabi_srai_2
0000d124   __mspabi_srai_3
0000d122   __mspabi_srai_4
0000d120   __mspabi_srai_5
0000d11e   __mspabi_srai_6
0000d11c   __mspabi_srai_7
0000d11a   __mspabi_srai_8
0000d118   __mspabi_srai_9
0000d1da   __mspabi_sral
0000d054   __mspabi_sral_1
0000d030   __mspabi_sral_10
0000d02c   __mspabi_sral_11
0000d028   __mspabi_sral_12
0000d024   __mspabi_sral_13
0000d020   __mspabi_sral_14
0000d01c   __mspabi_sral_15
0000d050   __mspabi_sral_2
0000d04c   __mspabi_sral_3
0000d048   __mspabi_sral_4
0000d044   __mspabi_sral_5
0000d040   __mspabi_sral_6
0000d03c   __mspabi_sral_7
0000d038   __mspabi_sral_8
0000d034   __mspabi_sral_9
0000cfd0   __mspabi_srli
0000d016   __mspabi_srli_1
0000cff2   __mspabi_srli_10
0000cfee   __mspabi_srli_11
0000cfea   __mspabi_srli_12
0000cfe6   __mspabi_srli_13
0000cfe2   __mspabi_srli_14
0000cfde   __mspabi_srli_15
0000d012   __mspabi_srli_2
0000d00e   __mspabi_srli_3
0000d00a   __mspabi_srli_4
0000d006   __mspabi_srli_5
0000d002   __mspabi_srli_6
0000cffe   __mspabi_srli_7
0000cffa   __mspabi_srli_8
0000cff6   __mspabi_srli_9
0000d1c8   __mspabi_srll
0000cfc8   __mspabi_srll_1
0000cf92   __mspabi_srll_10
0000cf8c   __mspabi_srll_11
0000cf86   __mspabi_srll_12
0000cf80   __mspabi_srll_13
0000cf7a   __mspabi_srll_14
0000cf74   __mspabi_srll_15
0000cfc2   __mspabi_srll_2
0000cfbc   __mspabi_srll_3
0000cfb6   __mspabi_srll_4
0000cfb0   __mspabi_srll_5
0000cfaa   __mspabi_srll_6
0000cfa4   __mspabi_srll_7
0000cf9e   __mspabi_srll_8
0000cf98   __mspabi_srll_9
0000caa4   __mspabi_subf
0000cf16   _auto_init
0000d19a   _c_int00
0000d19a   _c_int00_noexit
0000c5e0   _frcaddd
0000c000   _frcmpyd
0000cbd4   _renormd
0000fffe   _reset_vector
000003b0   _stack
0000d20a   _system_pre_init
0000d20e   abort
ffffffff   binit
0000cc94   get_temp
0000d0ce   initalize
0000d17e   main
00000200   temp
00000205   temp_high
00000204   temp_low
00000208   temperature


GLOBAL SYMBOLS: SORTED BY Symbol Address 

address    name
--------   ----
00000000   IE1
00000001   IE2
00000001   __TI_args_main
00000001   __TI_exit
00000002   IFG1
00000003   IFG2
00000010   P3REN
00000018   P3IN
00000019   P3OUT
0000001a   P3DIR
0000001b   P3SEL
00000020   P1IN
00000021   P1OUT
00000022   P1DIR
00000023   P1IFG
00000024   P1IES
00000025   P1IE
00000026   P1SEL
00000027   P1REN
00000028   P2IN
00000029   P2OUT
0000002a   P2DIR
0000002b   P2IFG
0000002c   P2IES
0000002d   P2IE
0000002e   P2SEL
0000002f   P2REN
00000041   P1SEL2
00000042   P2SEL2
00000043   P3SEL2
00000048   ADC10DTC0
00000049   ADC10DTC1
0000004a   ADC10AE0
00000050   __STACK_SIZE
00000053   BCSCTL3
00000056   DCOCTL
00000057   BCSCTL1
00000058   BCSCTL2
00000059   CACTL1
0000005a   CACTL2
0000005b   CAPD
0000005d   UCA0ABCTL
0000005e   UCA0IRTCTL
0000005f   UCA0IRRCTL
00000060   UCA0CTL0
00000061   UCA0CTL1
00000062   UCA0BR0
00000063   UCA0BR1
00000064   UCA0MCTL
00000065   UCA0STAT
00000066   UCA0RXBUF
00000067   UCA0TXBUF
00000068   UCB0CTL0
00000069   UCB0CTL1
0000006a   UCB0BR0
0000006b   UCB0BR1
0000006c   UCB0I2CIE
0000006d   UCB0STAT
0000006e   UCB0RXBUF
0000006f   UCB0TXBUF
00000118   UCB0I2COA
0000011a   UCB0I2CSA
0000011e   TA1IV
00000120   WDTCTL
00000128   FCTL1
0000012a   FCTL2
0000012c   FCTL3
0000012e   TA0IV
00000160   TA0CTL
00000162   TA0CCTL0
00000164   TA0CCTL1
00000166   TA0CCTL2
00000170   TA0R
00000172   TA0CCR0
00000174   TA0CCR1
00000176   TA0CCR2
00000180   TA1CTL
00000182   TA1CCTL0
00000184   TA1CCTL1
00000186   TA1CCTL2
00000190   TA1R
00000192   TA1CCR0
00000194   TA1CCR1
00000196   TA1CCR2
000001b0   ADC10CTL0
000001b2   ADC10CTL1
000001b4   ADC10MEM
000001bc   ADC10SA
00000200   temp
00000204   temp_low
00000205   temp_high
00000206   PEC
00000208   temperature
000003b0   _stack
00000400   __STACK_END
000010f8   CALDCO_16MHZ
000010f9   CALBC1_16MHZ
000010fa   CALDCO_12MHZ
000010fb   CALBC1_12MHZ
000010fc   CALDCO_8MHZ
000010fd   CALBC1_8MHZ
000010fe   CALDCO_1MHZ
000010ff   CALBC1_1MHZ
0000c000   _frcmpyd
0000c2f8   __mspabi_addd
0000c5e0   _frcaddd
0000c84e   __mspabi_mpyd
0000caa4   __mspabi_subf
0000caaa   __mspabi_addf
0000cbd4   _renormd
0000cc94   get_temp
0000cd54   __mspabi_cvtdf
0000cdfc   __mspabi_divf
0000ce96   __mspabi_cvtfd
0000cf16   _auto_init
0000cf74   __mspabi_srll_15
0000cf7a   __mspabi_srll_14
0000cf80   __mspabi_srll_13
0000cf86   __mspabi_srll_12
0000cf8c   __mspabi_srll_11
0000cf92   __mspabi_srll_10
0000cf98   __mspabi_srll_9
0000cf9e   __mspabi_srll_8
0000cfa4   __mspabi_srll_7
0000cfaa   __mspabi_srll_6
0000cfb0   __mspabi_srll_5
0000cfb6   __mspabi_srll_4
0000cfbc   __mspabi_srll_3
0000cfc2   __mspabi_srll_2
0000cfc8   __mspabi_srll_1
0000cfd0   __mspabi_srli
0000cfde   __mspabi_srli_15
0000cfe2   __mspabi_srli_14
0000cfe6   __mspabi_srli_13
0000cfea   __mspabi_srli_12
0000cfee   __mspabi_srli_11
0000cff2   __mspabi_srli_10
0000cff6   __mspabi_srli_9
0000cffa   __mspabi_srli_8
0000cffe   __mspabi_srli_7
0000d002   __mspabi_srli_6
0000d006   __mspabi_srli_5
0000d00a   __mspabi_srli_4
0000d00e   __mspabi_srli_3
0000d012   __mspabi_srli_2
0000d016   __mspabi_srli_1
0000d01c   __mspabi_sral_15
0000d020   __mspabi_sral_14
0000d024   __mspabi_sral_13
0000d028   __mspabi_sral_12
0000d02c   __mspabi_sral_11
0000d030   __mspabi_sral_10
0000d034   __mspabi_sral_9
0000d038   __mspabi_sral_8
0000d03c   __mspabi_sral_7
0000d040   __mspabi_sral_6
0000d044   __mspabi_sral_5
0000d048   __mspabi_sral_4
0000d04c   __mspabi_sral_3
0000d050   __mspabi_sral_2
0000d054   __mspabi_sral_1
0000d05a   __mspabi_slll_15
0000d05e   __mspabi_slll_14
0000d062   __mspabi_slll_13
0000d066   __mspabi_slll_12
0000d06a   __mspabi_slll_11
0000d06e   __mspabi_slll_10
0000d072   __mspabi_slll_9
0000d076   __mspabi_slll_8
0000d07a   __mspabi_slll_7
0000d07e   __mspabi_slll_6
0000d082   __mspabi_slll_5
0000d086   __mspabi_slll_4
0000d08a   __mspabi_slll_3
0000d08e   __mspabi_slll_2
0000d092   __mspabi_slll_1
0000d098   __mspabi_fltif
0000d0ce   initalize
0000d100   __mspabi_srai
0000d10c   __mspabi_srai_15
0000d10e   __mspabi_srai_14
0000d110   __mspabi_srai_13
0000d112   __mspabi_srai_12
0000d114   __mspabi_srai_11
0000d116   __mspabi_srai_10
0000d118   __mspabi_srai_9
0000d11a   __mspabi_srai_8
0000d11c   __mspabi_srai_7
0000d11e   __mspabi_srai_6
0000d120   __mspabi_srai_5
0000d122   __mspabi_srai_4
0000d124   __mspabi_srai_3
0000d126   __mspabi_srai_2
0000d128   __mspabi_srai_1
0000d12c   __mspabi_slli
0000d138   __mspabi_slli_15
0000d13a   __mspabi_slli_14
0000d13c   __mspabi_slli_13
0000d13e   __mspabi_slli_12
0000d140   __mspabi_slli_11
0000d142   __mspabi_slli_10
0000d144   __mspabi_slli_9
0000d146   __mspabi_slli_8
0000d148   __mspabi_slli_7
0000d14a   __mspabi_slli_6
0000d14c   __mspabi_slli_5
0000d14e   __mspabi_slli_4
0000d150   __mspabi_slli_3
0000d152   __mspabi_slli_2
0000d154   __mspabi_slli_1
0000d158   __mspabi_mpyl
0000d17e   main
0000d19a   _c_int00
0000d19a   _c_int00_noexit
0000d1b4   __TI_zero_init
0000d1c8   __mspabi_srll
0000d1da   __mspabi_sral
0000d1ea   __mspabi_slll
0000d1fa   __mspabi_func_epilog_7
0000d1fc   __mspabi_func_epilog_6
0000d1fe   __mspabi_func_epilog_5
0000d200   __mspabi_func_epilog_4
0000d202   __mspabi_func_epilog_3
0000d204   __mspabi_func_epilog_2
0000d206   __mspabi_func_epilog_1
0000d20a   _system_pre_init
0000d20e   C$$EXIT
0000d20e   abort
0000d216   __TI_Handler_Table_Base
0000d218   __TI_CINIT_Base
0000d218   __TI_Handler_Table_Limit
0000d21c   __TI_CINIT_Limit
0000fffe   _reset_vector
ffffffff   __binit__
ffffffff   __c_args__
ffffffff   binit
UNDEFED    __TI_INITARRAY_Base
UNDEFED    __TI_INITARRAY_Limit

[238 symbols]
